Testing Claude key: sk-ant-api03-q...
ERROR status: 400
ERROR msg: 400 {"type":"error","error":{"type":"invalid_request_error","message":"Your credit balance is too low to access the Anthropic API. Please go to Plans & Billing to upgrade or purchase credits."},"request_id":"req_011CZ15VCR8yZfZUgQYkcWge"}
node.exe : Assertion failed: 
!(handle->flags & 
UV_HANDLE_CLOSING), file 
src\win\async.c, line 76
At line:1 char:1
+ & "C:\Program 
Files\nodejs/node.exe" 
"C:\Program 
Files\nodejs/node_mo ...
+ ~~~~~~~~~~~~~~~~~~~~~~~~~~~
~~~~~~~~~~~~~~~~~~~~~~~~~~~~~
~~~~~~~~~~~~~
    + CategoryInfo           
   : NotSpecified: (Asserti  
  on faile...sync.c, line    
 76:String) [], RemoteExc    
eption
    + FullyQualifiedErrorId  
   : NativeCommandError
 
